AREA .  .ABS.
	RADIX HEX
	BASE 0000
	SIZE 0000
	ATTRIB ABS OVR
	GLOBALS
		l__HEAP	0000
		l__BSEG	0000
		l_.  .ABS.	0000
		l__GSFINAL	0000
		l__ISEG	0000
		s_.  .ABS.	0000
		s__HEADER	0000
		l__XSEG	0000
		.init	0000
		l__OVERLAY	0000
		l__LIT	0000
		s__SFR	0000
		l__GSINITTAIL	0001
		l__GSINIT	0012
		l__DATA	005E
		l__BSS	005E
		l__HEADER	01E1
		l__HOME	01E3
		s__CODE	0200
		l__BASE	034B
		l__CODE	705F
		s__HOME	725F
		s__BASE	7442
		s__LIT	778D
		s__GSINIT	778D
		s__GSINITTAIL	779F
		s__GSFINAL	77A0
		.OAM	C000
		s__DATA	C0A0
		s__BSS	C0FE
		s__HEAP	C15C
		s__BSEG	C15C
		s__ISEG	C15C
		s__XSEG	C15C
		s__OVERLAY	C15C
		.STACK	E000
		.refresh_OAM	FF80
		l__SFR	10000
AREA _CODE
	RADIX HEX
	BASE 0200
	SIZE 705F
	ATTRIB REL CON
	GLOBALS
		_intro	0200
		_Personagem	0634
		_vida	0854
		_mapamenu	0864
		_tilesbackgroundCima	0C25
		_mapa_jorge	0CF5
		_plantas_chave	0E5D
		_mapa_biblioteca	0E9D
		_Itens	10DD
		_Mapa_CEU	119D
		_Tile_Nave	13DD
		_tiles_CIC	15DD
		_onibus	166D
		_umreal	186D
		_letras	18DD
		_confirmar_ru	1B2D
		_pontos	1BDC
		_verifica_uesc	1D7C
		_verifica_moedas	1EAF
		_game_over	1EFA
		_ru_timer	2256
		_remover_sprites	24AD
		_escrever	24EE
		_fadeout	2625
		_fadein	26A6
		_iniciar_som	2710
		_som_pulo	271D
		_som_soco	2732
		_som_confirmar	2747
		_som_sair	275C
		_colisao_chao	2771
		_colisao_plataforma	278C
		_colisao_16bits	27C4
		_colisao_8bits	2808
		_colisao_12bits	284C
		_pular	2890
		_mover_personagem_lado	29C6
		_mover_personagem_cima_baixo	3021
		_mover_inimigo_cima_baixo	30E8
		_mover_personagem_topo	31A1
		_mover_mochila_lado	33D2
		_mover_sprites	3449
		_setup_plantas	34B3
		_animacao_moeda	36EF
		_reset_sprites	3971
		_verifica_guarita	39B9
		_verifica_biblioteca	39ED
		_verifica_jorge	3A27
		_verifica_exatas	3A61
		_verifica_adonias	3A9B
		_verifica_arvore_cima	3AD5
		_verifica_torre	3B0F
		_verifica_ru	3B49
		_verifica_borda	3B7C
		_verifica_vidas	3BBC
		_sorteio	3CE6
		_onibus_saida	3D1D
		_jogar_exatas	40F9
		_jogar_biblioteca	4A2A
		_jogar_jorge	4FBE
		_jogar_adonias	5835
		_escolher_saida	5D4D
		_main	64FE
		_rand	71E6
		_randw	71E6
		_time	7211
		_abs	7237
AREA _HEADER
	RADIX HEX
	BASE 0000
	SIZE 01E1
	ATTRIB ABS OVR
	GLOBALS
		_exit	01D2
AREA _HOME
	RADIX HEX
	BASE 725F
	SIZE 01E3
	ATTRIB REL CON
	GLOBALS
		.set_mode	725F
		.remove_VBL	726F
		.remove_LCD	7275
		.remove_TIM	727B
		.remove_SIO	7281
		.remove_JOY	7287
		.add_VBL	728D
		.add_LCD	7293
		.add_TIM	7299
		.add_SIO	729F
		.add_JOY	72A5
		.remove_int	72AB
		.add_int	72CB
		.wait_vbl_done	72E7
		_wait_vbl_done	72E7
		_display_off	72FE
		.display_off	72FE
		.serial_IO	731F
		_mode	734E
		_get_mode	7357
		_enable_interrupts	735C
		_disable_interrupts	735E
		_reset	7360
		.reset	7360
		_set_interrupts	7366
		_remove_VBL	7371
		_remove_LCD	737C
		_remove_TIM	7387
		_remove_SIO	7392
		_remove_JOY	739D
		_add_VBL	73A8
		_add_LCD	73B3
		_add_TIM	73BE
		_add_SIO	73C9
		_add_JOY	73D4
		_clock	73DF
		__printTStates	73E8
		banked_call	73E9
		banked_ret	7402
		_strlen	740B
AREA _BASE
	RADIX HEX
	BASE 7442
	SIZE 034B
	ATTRIB REL CON
	GLOBALS
		.set_sprite_prop	7442
		_set_sprite_prop	744F
		_scroll_bkg	745A
		_initrand	7470
		.initrand	7472
		.padup	747B
		_waitpadup	747B
		.jpad	748B
		.wait_pad	74B8
		_joypad	74BF
		_waitpad	74C4
		__mulschar	74CE
		__muluchar	74CE
		__mulsint	74DA
		__muluint	74DA
		.mulu16	74EE
		.mul16	74EE
		.mv_sprite	7504
		_move_sprite	7513
		__modslong	7520
		__divslong	7520
		__mulslong	7520
		__divschar	7521
		__modschar	752D
		__divsint	7538
		__modsint	7549
		__divuchar	7558
		__moduchar	7564
		__divuint	756F
		__moduint	7580
		.mod8	758F
		.div8	758F
		.mod16	7597
		.div16	7597
		.modu8	75CD
		.divu8	75CD
		.modu16	75D0
		.divu16	75D0
		_set_win_data	760D
		_set_bkg_data	760D
		_set_sprite_data	765A
		_move_bkg	7689
		.set_sprite_tile	7692
		_set_sprite_tile	769F
		.delay	76AA
		_delay	76E4
		.copy_vram	76ED
		_get_data	76FC
		_set_data	76FC
		_set_bkg_tiles	770F
		.set_xy_wtt	7723
		.set_xy_btt	7734
		.set_xy_tt	7743
		_set_tiles	7774
AREA _LIT
	RADIX HEX
	BASE 778D
	SIZE 0000
	ATTRIB REL CON
AREA _GSINIT
	RADIX HEX
	BASE 778D
	SIZE 0012
	ATTRIB REL CON
	GLOBALS
		gsinit	778D
AREA _GSINITTAIL
	RADIX HEX
	BASE 779F
	SIZE 0001
	ATTRIB REL CON
AREA _GSFINAL
	RADIX HEX
	BASE 77A0
	SIZE 0000
	ATTRIB REL CON
AREA _DATA
	RADIX HEX
	BASE C0A0
	SIZE 005E
	ATTRIB REL CON
	GLOBALS
		_GRAVIDADE	C0A0
		_CHAO	C0A1
		_rolagem	C0A2
		_inimigo1_x	C0A4
		_inimigo1_y	C0A5
		_inimigo2_x	C0A6
		_inimigo2_y	C0A7
		_nivel	C0A8
		_player	C0A9
		_livro	C0BD
		_planta	C0C3
		_background	C0E7
		_moeda	C0E9
		_obstaculo	C0F2
		_explorer	C0F8
		_x	C0FC
		_y	C0FD
AREA _BSS
	RADIX HEX
	BASE C0FE
	SIZE 005E
	ATTRIB REL CON
	GLOBALS
		__cpu	C0FE
		.mode	C0FF
		__io_out	C100
		__io_in	C101
		__io_status	C102
		.vbl_done	C103
		__current_bank	C104
		_sys_time	C105
		.sys_time	C105
		.int_0x40	C107
		.int_0x48	C117
		.int_0x50	C127
		.int_0x58	C137
		.int_0x60	C147
		.randhi	C157
		.randlo	C158
AREA _HEAP
	RADIX HEX
	BASE C15C
	SIZE 0000
	ATTRIB REL CON
	GLOBALS
		_malloc_heap_start	C15C
AREA _OVERLAY
	RADIX HEX
	BASE C15C
	SIZE 0000
	ATTRIB REL CON
AREA _ISEG
	RADIX HEX
	BASE C15C
	SIZE 0000
	ATTRIB REL CON
AREA _BSEG
	RADIX HEX
	BASE C15C
	SIZE 0000
	ATTRIB REL CON
AREA _XSEG
	RADIX HEX
	BASE C15C
	SIZE 0000
	ATTRIB REL CON
AREA _SFR
	RADIX HEX
	BASE 0000
	SIZE 10000
	ATTRIB ABS OVR
	GLOBALS
		_P1_REG	FF00
		_SB_REG	FF01
		_SC_REG	FF02
		_DIV_REG	FF04
		_TIMA_REG	FF05
		_TMA_REG	FF06
		_TAC_REG	FF07
		_IF_REG	FF0F
		_NR10_REG	FF10
		_NR11_REG	FF11
		_NR12_REG	FF12
		_NR13_REG	FF13
		_NR14_REG	FF14
		_NR21_REG	FF16
		_NR22_REG	FF17
		_NR23_REG	FF18
		_NR24_REG	FF19
		_NR30_REG	FF1A
		_NR31_REG	FF1B
		_NR32_REG	FF1C
		_NR33_REG	FF1D
		_NR34_REG	FF1E
		_NR41_REG	FF20
		_NR42_REG	FF21
		_NR43_REG	FF22
		_NR44_REG	FF23
		_NR50_REG	FF24
		_NR51_REG	FF25
		_NR52_REG	FF26
		_LCDC_REG	FF40
		_STAT_REG	FF41
		_SCY_REG	FF42
		_SCX_REG	FF43
		_LY_REG	FF44
		_LYC_REG	FF45
		_DMA_REG	FF46
		_BGP_REG	FF47
		_OBP0_REG	FF48
		_OBP1_REG	FF49
		_WY_REG	FF4A
		_WX_REG	FF4B
		_KEY1_REG	FF4D
		_VBK_REG	FF4F
		_HDMA1_REG	FF51
		_HDMA2_REG	FF52
		_HDMA3_REG	FF53
		_HDMA4_REG	FF54
		_HDMA5_REG	FF55
		_RP_REG	FF56
		_BCPS_REG	FF68
		_BCPD_REG	FF69
		_OCPS_REG	FF6A
		_OCPD_REG	FF6B
		_SVBK_REG	FF70
		_IE_REG	FFFF
MODULES
	FILE c:\gbdk\lib/small/asxxxx/gb/crt0.o
		NAME Runtime
	FILE main.o
		NAME lcc63680
LIBRARIES
	LIBRARY c:\gbdk\lib/small/asxxxx/gb/gb.lib
		MODULE sfr.o
	LIBRARY c:\gbdk\lib/small/asxxxx/gb/gb.lib
		MODULE set_prop.o
	LIBRARY c:\gbdk\lib/small/asxxxx/gb/gb.lib
		MODULE scroll_b.o
	LIBRARY c:\gbdk\lib/small/asxxxx/gb/gb.lib
		MODULE rand.o
	LIBRARY c:\gbdk\lib/small/asxxxx/gb/gb.lib
		MODULE pad.o
	LIBRARY c:\gbdk\lib/small/asxxxx/gbz80/gbz80.lib
		MODULE mul.o
	LIBRARY c:\gbdk\lib/small/asxxxx/gb/gb.lib
		MODULE mv_spr.o
	LIBRARY c:\gbdk\lib/small/asxxxx/gbz80/gbz80.lib
		MODULE time.o
	LIBRARY c:\gbdk\lib/small/asxxxx/gbz80/gbz80.lib
		MODULE div.o
	LIBRARY c:\gbdk\lib/small/asxxxx/gbz80/gbz80.lib
		MODULE abs.o
	LIBRARY c:\gbdk\lib/small/asxxxx/gb/gb.lib
		MODULE set_data.o
	LIBRARY c:\gbdk\lib/small/asxxxx/gb/gb.lib
		MODULE mv_bkg.o
	LIBRARY c:\gbdk\lib/small/asxxxx/gb/gb.lib
		MODULE set_spr.o
	LIBRARY c:\gbdk\lib/small/asxxxx/gb/gb.lib
		MODULE delay.o
	LIBRARY c:\gbdk\lib/small/asxxxx/gbz80/gbz80.lib
		MODULE strlen.o
	LIBRARY c:\gbdk\lib/small/asxxxx/gb/gb.lib
		MODULE cpy_data.o
	LIBRARY c:\gbdk\lib/small/asxxxx/gb/gb.lib
		MODULE set_bk_t.o
	LIBRARY c:\gbdk\lib/small/asxxxx/gb/gb.lib
		MODULE set_xy_t.o
USERBASEDEF
	_CODE=0x0200
	_DATA=0xC0A0
	_CODE_1=0x4000
USERGLOBALDEF
	.OAM=0xC000
	.STACK=0xE000
	.refresh_OAM=0xFF80
	.init=0x0000
