AREA .  .ABS.
	RADIX HEX
	BASE 0000
	SIZE 0000
	ATTRIB ABS OVR
	GLOBALS
		l__HEAP	0000
		l__BSEG	0000
		l_.  .ABS.	0000
		l__GSFINAL	0000
		l__ISEG	0000
		s_.  .ABS.	0000
		s__HEADER	0000
		l__XSEG	0000
		.init	0000
		l__OVERLAY	0000
		l__LIT	0000
		s__SFR	0000
		l__GSINITTAIL	0001
		l__BSS	0059
		l__HOME	01AC
		l__HEADER	01E1
		l__BASE	01FC
		s__CODE	0200
		l__CODE	021D
		l__DATA	041A
		s__HOME	041D
		s__BASE	05C9
		s__LIT	07C5
		s__GSINIT	07C5
		l__GSINIT	1872
		s__GSINITTAIL	2037
		s__GSFINAL	2038
		.OAM	C000
		s__DATA	C0A0
		s__BSS	C4BA
		s__HEAP	C513
		s__BSEG	C513
		s__ISEG	C513
		s__XSEG	C513
		s__OVERLAY	C513
		.STACK	E000
		.refresh_OAM	FF80
		l__SFR	10000
AREA _CODE
	RADIX HEX
	BASE 0200
	SIZE 021D
	ATTRIB REL CON
	GLOBALS
		_main	0200
		_colisao_chao	03C3
		_som_pulo	03DE
		_som_agachar	03F3
		_som_soco	0408
AREA _HEADER
	RADIX HEX
	BASE 0000
	SIZE 01E1
	ATTRIB ABS OVR
	GLOBALS
		_exit	01D2
AREA _HOME
	RADIX HEX
	BASE 041D
	SIZE 01AC
	ATTRIB REL CON
	GLOBALS
		.set_mode	041D
		.remove_VBL	042D
		.remove_LCD	0433
		.remove_TIM	0439
		.remove_SIO	043F
		.remove_JOY	0445
		.add_VBL	044B
		.add_LCD	0451
		.add_TIM	0457
		.add_SIO	045D
		.add_JOY	0463
		.remove_int	0469
		.add_int	0489
		.wait_vbl_done	04A5
		_wait_vbl_done	04A5
		_display_off	04BC
		.display_off	04BC
		.serial_IO	04DD
		_mode	050C
		_get_mode	0515
		_enable_interrupts	051A
		_disable_interrupts	051C
		_reset	051E
		.reset	051E
		_set_interrupts	0524
		_remove_VBL	052F
		_remove_LCD	053A
		_remove_TIM	0545
		_remove_SIO	0550
		_remove_JOY	055B
		_add_VBL	0566
		_add_LCD	0571
		_add_TIM	057C
		_add_SIO	0587
		_add_JOY	0592
		_clock	059D
		__printTStates	05A6
		banked_call	05A7
		banked_ret	05C0
AREA _BASE
	RADIX HEX
	BASE 05C9
	SIZE 01FC
	ATTRIB REL CON
	GLOBALS
		_scroll_bkg	05C9
		.mv_sprite	05DF
		_move_sprite	05EE
		_set_win_data	05FB
		_set_bkg_data	05FB
		_set_sprite_data	0648
		.padup	0677
		_waitpadup	0677
		.jpad	0687
		.wait_pad	06B4
		_joypad	06BB
		_waitpad	06C0
		.set_sprite_tile	06CA
		_set_sprite_tile	06D7
		.delay	06E2
		_delay	071C
		.copy_vram	0725
		_get_data	0734
		_set_data	0734
		_set_bkg_tiles	0747
		.set_xy_wtt	075B
		.set_xy_btt	076C
		.set_xy_tt	077B
		_set_tiles	07AC
AREA _LIT
	RADIX HEX
	BASE 07C5
	SIZE 0000
	ATTRIB REL CON
AREA _GSINIT
	RADIX HEX
	BASE 07C5
	SIZE 1872
	ATTRIB REL CON
	GLOBALS
		gsinit	07C5
AREA _GSINITTAIL
	RADIX HEX
	BASE 2037
	SIZE 0001
	ATTRIB REL CON
AREA _GSFINAL
	RADIX HEX
	BASE 2038
	SIZE 0000
	ATTRIB REL CON
AREA _DATA
	RADIX HEX
	BASE C0A0
	SIZE 041A
	ATTRIB REL CON
	GLOBALS
		_Mario	C0A0
		_backgroundmap	C170
		_backgroundtiles	C440
		_GRAVIDADE	C4B0
		_CHAO	C4B1
		_rolagem	C4B2
		_player	C4B4
AREA _BSS
	RADIX HEX
	BASE C4BA
	SIZE 0059
	ATTRIB REL CON
	GLOBALS
		__cpu	C4BA
		.mode	C4BB
		__io_out	C4BC
		__io_in	C4BD
		__io_status	C4BE
		.vbl_done	C4BF
		__current_bank	C4C0
		_sys_time	C4C1
		.sys_time	C4C1
		.int_0x40	C4C3
		.int_0x48	C4D3
		.int_0x50	C4E3
		.int_0x58	C4F3
		.int_0x60	C503
AREA _HEAP
	RADIX HEX
	BASE C513
	SIZE 0000
	ATTRIB REL CON
	GLOBALS
		_malloc_heap_start	C513
AREA _OVERLAY
	RADIX HEX
	BASE C513
	SIZE 0000
	ATTRIB REL CON
AREA _ISEG
	RADIX HEX
	BASE C513
	SIZE 0000
	ATTRIB REL CON
AREA _BSEG
	RADIX HEX
	BASE C513
	SIZE 0000
	ATTRIB REL CON
AREA _XSEG
	RADIX HEX
	BASE C513
	SIZE 0000
	ATTRIB REL CON
AREA _SFR
	RADIX HEX
	BASE 0000
	SIZE 10000
	ATTRIB ABS OVR
	GLOBALS
		_P1_REG	FF00
		_SB_REG	FF01
		_SC_REG	FF02
		_DIV_REG	FF04
		_TIMA_REG	FF05
		_TMA_REG	FF06
		_TAC_REG	FF07
		_IF_REG	FF0F
		_NR10_REG	FF10
		_NR11_REG	FF11
		_NR12_REG	FF12
		_NR13_REG	FF13
		_NR14_REG	FF14
		_NR21_REG	FF16
		_NR22_REG	FF17
		_NR23_REG	FF18
		_NR24_REG	FF19
		_NR30_REG	FF1A
		_NR31_REG	FF1B
		_NR32_REG	FF1C
		_NR33_REG	FF1D
		_NR34_REG	FF1E
		_NR41_REG	FF20
		_NR42_REG	FF21
		_NR43_REG	FF22
		_NR44_REG	FF23
		_NR50_REG	FF24
		_NR51_REG	FF25
		_NR52_REG	FF26
		_LCDC_REG	FF40
		_STAT_REG	FF41
		_SCY_REG	FF42
		_SCX_REG	FF43
		_LY_REG	FF44
		_LYC_REG	FF45
		_DMA_REG	FF46
		_BGP_REG	FF47
		_OBP0_REG	FF48
		_OBP1_REG	FF49
		_WY_REG	FF4A
		_WX_REG	FF4B
		_KEY1_REG	FF4D
		_VBK_REG	FF4F
		_HDMA1_REG	FF51
		_HDMA2_REG	FF52
		_HDMA3_REG	FF53
		_HDMA4_REG	FF54
		_HDMA5_REG	FF55
		_RP_REG	FF56
		_BCPS_REG	FF68
		_BCPD_REG	FF69
		_OCPS_REG	FF6A
		_OCPD_REG	FF6B
		_SVBK_REG	FF70
		_IE_REG	FFFF
MODULES
	FILE c:\gbdk\lib/small/asxxxx/gb/crt0.o
		NAME Runtime
	FILE main.o
		NAME lcc63760
LIBRARIES
	LIBRARY c:\gbdk\lib/small/asxxxx/gb/gb.lib
		MODULE sfr.o
	LIBRARY c:\gbdk\lib/small/asxxxx/gb/gb.lib
		MODULE scroll_b.o
	LIBRARY c:\gbdk\lib/small/asxxxx/gb/gb.lib
		MODULE mv_spr.o
	LIBRARY c:\gbdk\lib/small/asxxxx/gb/gb.lib
		MODULE set_data.o
	LIBRARY c:\gbdk\lib/small/asxxxx/gb/gb.lib
		MODULE pad.o
	LIBRARY c:\gbdk\lib/small/asxxxx/gb/gb.lib
		MODULE set_spr.o
	LIBRARY c:\gbdk\lib/small/asxxxx/gb/gb.lib
		MODULE delay.o
	LIBRARY c:\gbdk\lib/small/asxxxx/gb/gb.lib
		MODULE cpy_data.o
	LIBRARY c:\gbdk\lib/small/asxxxx/gb/gb.lib
		MODULE set_bk_t.o
	LIBRARY c:\gbdk\lib/small/asxxxx/gb/gb.lib
		MODULE set_xy_t.o
USERBASEDEF
	_CODE=0x0200
	_DATA=0xC0A0
	_CODE_1=0x4000
USERGLOBALDEF
	.OAM=0xC000
	.STACK=0xE000
	.refresh_OAM=0xFF80
	.init=0x0000
