AREA .  .ABS.
	RADIX HEX
	BASE 0000
	SIZE 0000
	ATTRIB ABS OVR
	GLOBALS
		l__HEAP	0000
		l__BSEG	0000
		l_.  .ABS.	0000
		l__GSFINAL	0000
		l__ISEG	0000
		s_.  .ABS.	0000
		s__HEADER	0000
		l__XSEG	0000
		.init	0000
		l__OVERLAY	0000
		l__LIT	0000
		s__SFR	0000
		l__GSINITTAIL	0001
		l__BSS	005E
		l__HEADER	01E1
		l__HOME	01E3
		s__CODE	0200
		l__BASE	034B
		l__DATA	04EE
		l__GSINIT	1BD2
		l__CODE	526A
		s__HOME	546A
		s__BASE	564D
		s__LIT	5998
		s__GSINIT	5998
		s__GSINITTAIL	756A
		s__GSFINAL	756B
		.OAM	C000
		s__DATA	C0A0
		s__BSS	C58E
		s__HEAP	C5EC
		s__BSEG	C5EC
		s__ISEG	C5EC
		s__XSEG	C5EC
		s__OVERLAY	C5EC
		.STACK	E000
		.refresh_OAM	FF80
		l__SFR	10000
AREA _CODE
	RADIX HEX
	BASE 0200
	SIZE 526A
	ATTRIB REL CON
	GLOBALS
		_fadeout	0200
		_Personagem	0281
		_vida	04A1
		_mapamenu	04B1
		_Mapa_CEU	0872
		_Tile_Nave	0AB2
		_umreal	0BB2
		_letras	0C22
		_fadein	0E72
		_iniciar_som	0EDC
		_som_pulo	0EE9
		_som_soco	0EFE
		_som_confirmar	0F13
		_som_sair	0F28
		_colisao_chao	0F3D
		_colisao_plataforma	0F58
		_colisao_16bits	0F90
		_colisao_8bits	0FD4
		_pular	1018
		_mover_personagem_lado	114E
		_mover_personagem_cima	17EC
		_mover_mochila_lado	1A1D
		_mover_sprites	1A94
		_setup_plantas	1AFE
		_remover_plantas	1D3A
		_animacao_moeda	1DCB
		_verifica_guarita	204D
		_verifica_biblioteca	2081
		_verifica_jorge	20BB
		_verifica_exatas	20F5
		_verifica_adonias	212F
		_verifica_arvore_cima	2169
		_verifica_arvore_baixo	21A3
		_verifica_ru	21DD
		_verifica_borda	2210
		_verifica_vidas	2250
		_sorteio	2371
		_intro	23A8
		_biblioteca	27DC
		_jorge	298B
		_ru	2BBB
		_pontos	2C12
		_verifica_uesc	2DB2
		_verifica_moedas	2EE5
		_game_over	2F30
		_ru_fechado	3294
		_confirmar_ru	33C2
		_confirmar_saida	344D
		_sem_moedas	3550
		_ru_timer	36D4
		_remover_sprites	38D0
		_escrever	3911
		_main	3AB2
		_rand	53F1
		_randw	53F1
		_time	541C
		_abs	5442
AREA _HEADER
	RADIX HEX
	BASE 0000
	SIZE 01E1
	ATTRIB ABS OVR
	GLOBALS
		_exit	01D2
AREA _HOME
	RADIX HEX
	BASE 546A
	SIZE 01E3
	ATTRIB REL CON
	GLOBALS
		.set_mode	546A
		.remove_VBL	547A
		.remove_LCD	5480
		.remove_TIM	5486
		.remove_SIO	548C
		.remove_JOY	5492
		.add_VBL	5498
		.add_LCD	549E
		.add_TIM	54A4
		.add_SIO	54AA
		.add_JOY	54B0
		.remove_int	54B6
		.add_int	54D6
		.wait_vbl_done	54F2
		_wait_vbl_done	54F2
		_display_off	5509
		.display_off	5509
		.serial_IO	552A
		_mode	5559
		_get_mode	5562
		_enable_interrupts	5567
		_disable_interrupts	5569
		_reset	556B
		.reset	556B
		_set_interrupts	5571
		_remove_VBL	557C
		_remove_LCD	5587
		_remove_TIM	5592
		_remove_SIO	559D
		_remove_JOY	55A8
		_add_VBL	55B3
		_add_LCD	55BE
		_add_TIM	55C9
		_add_SIO	55D4
		_add_JOY	55DF
		_clock	55EA
		__printTStates	55F3
		banked_call	55F4
		banked_ret	560D
		_strlen	5616
AREA _BASE
	RADIX HEX
	BASE 564D
	SIZE 034B
	ATTRIB REL CON
	GLOBALS
		.set_sprite_prop	564D
		_set_sprite_prop	565A
		_scroll_bkg	5665
		_initrand	567B
		.initrand	567D
		.padup	5686
		_waitpadup	5686
		.jpad	5696
		.wait_pad	56C3
		_joypad	56CA
		_waitpad	56CF
		__mulschar	56D9
		__muluchar	56D9
		__mulsint	56E5
		__muluint	56E5
		.mulu16	56F9
		.mul16	56F9
		.mv_sprite	570F
		_move_sprite	571E
		__modslong	572B
		__divslong	572B
		__mulslong	572B
		__divschar	572C
		__modschar	5738
		__divsint	5743
		__modsint	5754
		__divuchar	5763
		__moduchar	576F
		__divuint	577A
		__moduint	578B
		.mod8	579A
		.div8	579A
		.mod16	57A2
		.div16	57A2
		.modu8	57D8
		.divu8	57D8
		.modu16	57DB
		.divu16	57DB
		_set_win_data	5818
		_set_bkg_data	5818
		_set_sprite_data	5865
		_move_bkg	5894
		.set_sprite_tile	589D
		_set_sprite_tile	58AA
		.delay	58B5
		_delay	58EF
		.copy_vram	58F8
		_get_data	5907
		_set_data	5907
		_set_bkg_tiles	591A
		.set_xy_wtt	592E
		.set_xy_btt	593F
		.set_xy_tt	594E
		_set_tiles	597F
AREA _LIT
	RADIX HEX
	BASE 5998
	SIZE 0000
	ATTRIB REL CON
AREA _GSINIT
	RADIX HEX
	BASE 5998
	SIZE 1BD2
	ATTRIB REL CON
	GLOBALS
		gsinit	5998
AREA _GSINITTAIL
	RADIX HEX
	BASE 756A
	SIZE 0001
	ATTRIB REL CON
AREA _GSFINAL
	RADIX HEX
	BASE 756B
	SIZE 0000
	ATTRIB REL CON
AREA _DATA
	RADIX HEX
	BASE C0A0
	SIZE 04EE
	ATTRIB REL CON
	GLOBALS
		_tilesbackgroundCima	C0A0
		_mapa_jorge	C170
		_plantas_chave	C2D8
		_mapa_biblioteca	C318
		_Itens	C480
		_GRAVIDADE	C540
		_CHAO	C541
		_rolagem	C542
		_player	C544
		_livro	C559
		_planta	C55F
		_background	C583
		_moeda	C585
AREA _BSS
	RADIX HEX
	BASE C58E
	SIZE 005E
	ATTRIB REL CON
	GLOBALS
		__cpu	C58E
		.mode	C58F
		__io_out	C590
		__io_in	C591
		__io_status	C592
		.vbl_done	C593
		__current_bank	C594
		_sys_time	C595
		.sys_time	C595
		.int_0x40	C597
		.int_0x48	C5A7
		.int_0x50	C5B7
		.int_0x58	C5C7
		.int_0x60	C5D7
		.randhi	C5E7
		.randlo	C5E8
AREA _HEAP
	RADIX HEX
	BASE C5EC
	SIZE 0000
	ATTRIB REL CON
	GLOBALS
		_malloc_heap_start	C5EC
AREA _OVERLAY
	RADIX HEX
	BASE C5EC
	SIZE 0000
	ATTRIB REL CON
AREA _ISEG
	RADIX HEX
	BASE C5EC
	SIZE 0000
	ATTRIB REL CON
AREA _BSEG
	RADIX HEX
	BASE C5EC
	SIZE 0000
	ATTRIB REL CON
AREA _XSEG
	RADIX HEX
	BASE C5EC
	SIZE 0000
	ATTRIB REL CON
AREA _SFR
	RADIX HEX
	BASE 0000
	SIZE 10000
	ATTRIB ABS OVR
	GLOBALS
		_P1_REG	FF00
		_SB_REG	FF01
		_SC_REG	FF02
		_DIV_REG	FF04
		_TIMA_REG	FF05
		_TMA_REG	FF06
		_TAC_REG	FF07
		_IF_REG	FF0F
		_NR10_REG	FF10
		_NR11_REG	FF11
		_NR12_REG	FF12
		_NR13_REG	FF13
		_NR14_REG	FF14
		_NR21_REG	FF16
		_NR22_REG	FF17
		_NR23_REG	FF18
		_NR24_REG	FF19
		_NR30_REG	FF1A
		_NR31_REG	FF1B
		_NR32_REG	FF1C
		_NR33_REG	FF1D
		_NR34_REG	FF1E
		_NR41_REG	FF20
		_NR42_REG	FF21
		_NR43_REG	FF22
		_NR44_REG	FF23
		_NR50_REG	FF24
		_NR51_REG	FF25
		_NR52_REG	FF26
		_LCDC_REG	FF40
		_STAT_REG	FF41
		_SCY_REG	FF42
		_SCX_REG	FF43
		_LY_REG	FF44
		_LYC_REG	FF45
		_DMA_REG	FF46
		_BGP_REG	FF47
		_OBP0_REG	FF48
		_OBP1_REG	FF49
		_WY_REG	FF4A
		_WX_REG	FF4B
		_KEY1_REG	FF4D
		_VBK_REG	FF4F
		_HDMA1_REG	FF51
		_HDMA2_REG	FF52
		_HDMA3_REG	FF53
		_HDMA4_REG	FF54
		_HDMA5_REG	FF55
		_RP_REG	FF56
		_BCPS_REG	FF68
		_BCPD_REG	FF69
		_OCPS_REG	FF6A
		_OCPD_REG	FF6B
		_SVBK_REG	FF70
		_IE_REG	FFFF
MODULES
	FILE c:\gbdk\lib/small/asxxxx/gb/crt0.o
		NAME Runtime
	FILE main.o
		NAME lcc78800
LIBRARIES
	LIBRARY c:\gbdk\lib/small/asxxxx/gb/gb.lib
		MODULE sfr.o
	LIBRARY c:\gbdk\lib/small/asxxxx/gb/gb.lib
		MODULE set_prop.o
	LIBRARY c:\gbdk\lib/small/asxxxx/gb/gb.lib
		MODULE scroll_b.o
	LIBRARY c:\gbdk\lib/small/asxxxx/gb/gb.lib
		MODULE rand.o
	LIBRARY c:\gbdk\lib/small/asxxxx/gb/gb.lib
		MODULE pad.o
	LIBRARY c:\gbdk\lib/small/asxxxx/gbz80/gbz80.lib
		MODULE mul.o
	LIBRARY c:\gbdk\lib/small/asxxxx/gb/gb.lib
		MODULE mv_spr.o
	LIBRARY c:\gbdk\lib/small/asxxxx/gbz80/gbz80.lib
		MODULE time.o
	LIBRARY c:\gbdk\lib/small/asxxxx/gbz80/gbz80.lib
		MODULE div.o
	LIBRARY c:\gbdk\lib/small/asxxxx/gbz80/gbz80.lib
		MODULE abs.o
	LIBRARY c:\gbdk\lib/small/asxxxx/gb/gb.lib
		MODULE set_data.o
	LIBRARY c:\gbdk\lib/small/asxxxx/gb/gb.lib
		MODULE mv_bkg.o
	LIBRARY c:\gbdk\lib/small/asxxxx/gb/gb.lib
		MODULE set_spr.o
	LIBRARY c:\gbdk\lib/small/asxxxx/gb/gb.lib
		MODULE delay.o
	LIBRARY c:\gbdk\lib/small/asxxxx/gbz80/gbz80.lib
		MODULE strlen.o
	LIBRARY c:\gbdk\lib/small/asxxxx/gb/gb.lib
		MODULE cpy_data.o
	LIBRARY c:\gbdk\lib/small/asxxxx/gb/gb.lib
		MODULE set_bk_t.o
	LIBRARY c:\gbdk\lib/small/asxxxx/gb/gb.lib
		MODULE set_xy_t.o
USERBASEDEF
	_CODE=0x0200
	_DATA=0xC0A0
	_CODE_1=0x4000
USERGLOBALDEF
	.OAM=0xC000
	.STACK=0xE000
	.refresh_OAM=0xFF80
	.init=0x0000
